
-- -- PRIMARY AND FOREIGN KEY CONSTRAINTS ASSIGNMENT -- --


/* Add , Display, and remove Primary Key from existing table */

ALTER TABLE `example`.`store` 
CHANGE COLUMN `sno` `sno` INT NOT NULL ,
DROP PRIMARY KEY;
;

ALTER TABLE `example`.`store` 
CHANGE COLUMN `sno` `sno` INT NOT NULL AUTO_INCREMENT ,
ADD PRIMARY KEY (`sno`);
;

mysql> desc store;

+------------+-------------+------+-----+---------+----------------+
| Field      | Type        | Null | Key | Default | Extra          |
+------------+-------------+------+-----+---------+----------------+
| sno        | int         | NO   | PRI | NULL    | auto_increment |
| productId_ | varchar(16) | YES  | MUL | NULL    |                |
| quantity   | int         | YES  |     | NULL    |                |
+------------+-------------+------+-----+---------+----------------+

mysql> select * from information_schema.table_constraints where constraint_schema='example' and table_name='store';

+--------------------+-------------------+-------------------+--------------+------------+-----------------+----------+
| CONSTRAINT_CATALOG | CONSTRAINT_SCHEMA | CONSTRAINT_NAME   | TABLE_SCHEMA | TABLE_NAME | CONSTRAINT_TYPE | ENFORCED |
+--------------------+-------------------+-------------------+--------------+------------+-----------------+----------+
| def                | example           | PRIMARY           | example      | store      | PRIMARY KEY     | YES      |
| def                | example           | fk_storeproductId | example      | store      | FOREIGN KEY     | YES      |
+--------------------+-------------------+-------------------+--------------+------------+-----------------+----------+

mysql> alter table store drop foreign key fk_store;


/* Add , display and remove Constraint from existing table */


ALTER TABLE store
ADD constraint fk_store FOREIGN KEY (productId_) REFERENCES products(productId);

ALTER TABLE `example`.`sell` 
CHANGE COLUMN `productId` `productId_` VARCHAR(16) NULL DEFAULT NULL ;

ALTER TABLE example.sell ADD
CONSTRAINT fk_productId FOREIGN KEY (productId_) REFERENCES products(productId);


/* Add new foreign key with same constraint name - not possible */

mysql> ALTER TABLE example.store ADD CONSTRAINT fk_storeproductId FOREIGN KEY (productId_) REFERENCES products(productId);
ERROR 1826 (HY000): Duplicate foreign key constraint name 'fk_storeproductId'

mysql> select * from information_schema.table_constraints where table_name='sell';
+--------------------+-------------------+-----------------+--------------+------------+-----------------+----------+
| CONSTRAINT_CATALOG | CONSTRAINT_SCHEMA | CONSTRAINT_NAME | TABLE_SCHEMA | TABLE_NAME | CONSTRAINT_TYPE | ENFORCED |
+--------------------+-------------------+-----------------+--------------+------------+-----------------+----------+
| def                | example           | PRIMARY         | example      | sell       | PRIMARY KEY     | YES      |
| def                | example           | fk_productId    | example      | sell       | FOREIGN KEY     | YES      |
+--------------------+-------------------+-----------------+--------------+------------+-----------------+----------+


/* Rename table column constraint */

ALTER TABLE `example`.`sell` RENAME INDEX `fk_productid` TO `fk_sellproductid`;

mysql> show indexes from sell;

mysql> show index from sell \G;

*************************** 1. row ***************************
        Table: sell
   Non_unique: 0
     Key_name: PRIMARY
 Seq_in_index: 1
  Column_name: sno
    Collation: A
  Cardinality: 17
     Sub_part: NULL
       Packed: NULL
         Null:
   Index_type: BTREE
      Comment:
Index_comment:
      Visible: YES
   Expression: NULL
*************************** 2. row ***************************
        Table: sell
   Non_unique: 1
     Key_name: fk_sellproductid
 Seq_in_index: 1
  Column_name: productId_
    Collation: A
  Cardinality: 6
     Sub_part: NULL
       Packed: NULL
         Null: YES
   Index_type: BTREE
      Comment:
Index_comment:
      Visible: YES
   Expression: NULL
2 rows in set (0.00 sec)
